
[benchmark] 环境 ship_pipe_100
  → Dijkstra …
  → A* …
  → D* Lite …
  → RRT* …
Traceback (most recent call last):
  File "/opt/anaconda3/lib/python3.12/site-packages/tensorboard/compat/__init__.py", line 42, in tf
    from tensorboard.compat import notf  # noqa: F401
    ^^^^^^^^^^^^^^^^^^^^^^^^^^^^^^^^^^^
ImportError: cannot import name 'notf' from 'tensorboard.compat' (/opt/anaconda3/lib/python3.12/site-packages/tensorboard/compat/__init__.py)

During handling of the above exception, another exception occurred:

AttributeError: 'MessageFactory' object has no attribute 'GetPrototype'
Traceback (most recent call last):
  File "/opt/anaconda3/lib/python3.12/site-packages/tensorboard/compat/__init__.py", line 42, in tf
    from tensorboard.compat import notf  # noqa: F401
    ^^^^^^^^^^^^^^^^^^^^^^^^^^^^^^^^^^^
ImportError: cannot import name 'notf' from 'tensorboard.compat' (/opt/anaconda3/lib/python3.12/site-packages/tensorboard/compat/__init__.py)

During handling of the above exception, another exception occurred:

AttributeError: 'MessageFactory' object has no attribute 'GetPrototype'
Traceback (most recent call last):
  File "/opt/anaconda3/lib/python3.12/site-packages/tensorboard/compat/__init__.py", line 42, in tf
    from tensorboard.compat import notf  # noqa: F401
    ^^^^^^^^^^^^^^^^^^^^^^^^^^^^^^^^^^^
ImportError: cannot import name 'notf' from 'tensorboard.compat' (/opt/anaconda3/lib/python3.12/site-packages/tensorboard/compat/__init__.py)

During handling of the above exception, another exception occurred:

AttributeError: 'MessageFactory' object has no attribute 'GetPrototype'
Traceback (most recent call last):
  File "/opt/anaconda3/lib/python3.12/site-packages/tensorboard/compat/__init__.py", line 42, in tf
    from tensorboard.compat import notf  # noqa: F401
    ^^^^^^^^^^^^^^^^^^^^^^^^^^^^^^^^^^^
ImportError: cannot import name 'notf' from 'tensorboard.compat' (/opt/anaconda3/lib/python3.12/site-packages/tensorboard/compat/__init__.py)

During handling of the above exception, another exception occurred:

AttributeError: 'MessageFactory' object has no attribute 'GetPrototype'
Traceback (most recent call last):
  File "/opt/anaconda3/lib/python3.12/site-packages/tensorboard/compat/__init__.py", line 42, in tf
    from tensorboard.compat import notf  # noqa: F401
    ^^^^^^^^^^^^^^^^^^^^^^^^^^^^^^^^^^^
ImportError: cannot import name 'notf' from 'tensorboard.compat' (/opt/anaconda3/lib/python3.12/site-packages/tensorboard/compat/__init__.py)

During handling of the above exception, another exception occurred:

AttributeError: 'MessageFactory' object has no attribute 'GetPrototype'
/opt/anaconda3/lib/python3.12/site-packages/transformers/utils/hub.py:128: FutureWarning: Using `TRANSFORMERS_CACHE` is deprecated and will be removed in v5 of Transformers. Use `HF_HOME` instead.
  warnings.warn(

[benchmark] 环境 ship_pipe_500
  → Dijkstra …
  → A* …
  → D* Lite …
  → RRT* …

[benchmark] 环境 ship_pipe_1000
  → Dijkstra …
  → A* …
  → D* Lite …
  → RRT* …
已写入 /Users/zhangzongyu/Desktop/RL/sprint3/outputs/results/benchmark_results.json

=== ship_pipe_100 ===
  Dijkstra: success=True cost=145.7817459305202 time=0.0976329170007375
  A*: success=True cost=145.78174593052006 time=0.020269666998501634
  D* Lite: success=True cost=145.7817459305202 time=0.3724052079996909
  RRT*: success=True cost=157.7228714274744 time=1.1499823834004927
  PPO: success=False cost=None time=0.2064349169995694

=== ship_pipe_500 ===
  Dijkstra: success=True cost=712.0041840821098 time=2.515794957998878
  A*: success=True cost=712.0041840821092 time=0.7709476249983709
  D* Lite: success=True cost=712.0041840821098 time=9.539539584002341
  RRT*: success=True cost=799.2072862499407 time=86.94724512500034
  PPO: success=False cost=None time=0.9637798340008885

=== ship_pipe_1000 ===
  Dijkstra: skipped
  A*: success=True cost=1422.5108934811599 time=2.860611791998963
  D* Lite: success=True cost=1422.5108934811612 time=30.616063082998153
  RRT*: success=True cost=2134.7202717721543 time=112.05369283300024
  PPO: success=False cost=None time=2.0366218330018455
