Traceback (most recent call last):
  File "/opt/anaconda3/lib/python3.12/site-packages/tensorboard/compat/__init__.py", line 42, in tf
    from tensorboard.compat import notf  # noqa: F401
    ^^^^^^^^^^^^^^^^^^^^^^^^^^^^^^^^^^^
ImportError: cannot import name 'notf' from 'tensorboard.compat' (/opt/anaconda3/lib/python3.12/site-packages/tensorboard/compat/__init__.py)

During handling of the above exception, another exception occurred:

AttributeError: 'MessageFactory' object has no attribute 'GetPrototype'
Traceback (most recent call last):
  File "/opt/anaconda3/lib/python3.12/site-packages/tensorboard/compat/__init__.py", line 42, in tf
    from tensorboard.compat import notf  # noqa: F401
    ^^^^^^^^^^^^^^^^^^^^^^^^^^^^^^^^^^^
ImportError: cannot import name 'notf' from 'tensorboard.compat' (/opt/anaconda3/lib/python3.12/site-packages/tensorboard/compat/__init__.py)

During handling of the above exception, another exception occurred:

AttributeError: 'MessageFactory' object has no attribute 'GetPrototype'
Traceback (most recent call last):
  File "/opt/anaconda3/lib/python3.12/site-packages/tensorboard/compat/__init__.py", line 42, in tf
    from tensorboard.compat import notf  # noqa: F401
    ^^^^^^^^^^^^^^^^^^^^^^^^^^^^^^^^^^^
ImportError: cannot import name 'notf' from 'tensorboard.compat' (/opt/anaconda3/lib/python3.12/site-packages/tensorboard/compat/__init__.py)

During handling of the above exception, another exception occurred:

AttributeError: 'MessageFactory' object has no attribute 'GetPrototype'
Traceback (most recent call last):
  File "/opt/anaconda3/lib/python3.12/site-packages/tensorboard/compat/__init__.py", line 42, in tf
    from tensorboard.compat import notf  # noqa: F401
    ^^^^^^^^^^^^^^^^^^^^^^^^^^^^^^^^^^^
ImportError: cannot import name 'notf' from 'tensorboard.compat' (/opt/anaconda3/lib/python3.12/site-packages/tensorboard/compat/__init__.py)

During handling of the above exception, another exception occurred:

AttributeError: 'MessageFactory' object has no attribute 'GetPrototype'
Traceback (most recent call last):
  File "/opt/anaconda3/lib/python3.12/site-packages/tensorboard/compat/__init__.py", line 42, in tf
    from tensorboard.compat import notf  # noqa: F401
    ^^^^^^^^^^^^^^^^^^^^^^^^^^^^^^^^^^^
ImportError: cannot import name 'notf' from 'tensorboard.compat' (/opt/anaconda3/lib/python3.12/site-packages/tensorboard/compat/__init__.py)

During handling of the above exception, another exception occurred:

AttributeError: 'MessageFactory' object has no attribute 'GetPrototype'
[PPO] 阶段 1/4 free_64: 64×64, 20000 steps …
/opt/anaconda3/lib/python3.12/site-packages/transformers/utils/hub.py:128: FutureWarning: Using `TRANSFORMERS_CACHE` is deprecated and will be removed in v5 of Transformers. Use `HF_HOME` instead.
  warnings.warn(
Using cpu device
---------------------------------
| rollout/           |          |
|    ep_len_mean     | 150      |
|    ep_rew_mean     | -3.29    |
| time/              |          |
|    fps             | 2181     |
|    iterations      | 1        |
|    time_elapsed    | 0        |
|    total_timesteps | 2048     |
---------------------------------
-----------------------------------------
| rollout/                |             |
|    ep_len_mean          | 150         |
|    ep_rew_mean          | -1.56       |
| time/                   |             |
|    fps                  | 1818        |
|    iterations           | 2           |
|    time_elapsed         | 2           |
|    total_timesteps      | 4096        |
| train/                  |             |
|    approx_kl            | 0.020511106 |
|    clip_fraction        | 0.24        |
|    clip_range           | 0.2         |
|    entropy_loss         | -2.07       |
|    explained_variance   | 0.00114     |
|    learning_rate        | 0.0003      |
|    loss                 | 1.83        |
|    n_updates            | 10          |
|    policy_gradient_loss | -0.0352     |
|    value_loss           | 3.69        |
-----------------------------------------
-----------------------------------------
| rollout/                |             |
|    ep_len_mean          | 150         |
|    ep_rew_mean          | 7.97        |
| time/                   |             |
|    fps                  | 1771        |
|    iterations           | 3           |
|    time_elapsed         | 3           |
|    total_timesteps      | 6144        |
| train/                  |             |
|    approx_kl            | 0.019111164 |
|    clip_fraction        | 0.377       |
|    clip_range           | 0.2         |
|    entropy_loss         | -2.02       |
|    explained_variance   | 0.0104      |
|    learning_rate        | 0.0003      |
|    loss                 | 1.92        |
|    n_updates            | 20          |
|    policy_gradient_loss | -0.0445     |
|    value_loss           | 3.6         |
-----------------------------------------
-----------------------------------------
| rollout/                |             |
|    ep_len_mean          | 150         |
|    ep_rew_mean          | 14.9        |
| time/                   |             |
|    fps                  | 1746        |
|    iterations           | 4           |
|    time_elapsed         | 4           |
|    total_timesteps      | 8192        |
| train/                  |             |
|    approx_kl            | 0.007540576 |
|    clip_fraction        | 0           |
|    clip_range           | 0.2         |
|    entropy_loss         | -2.01       |
|    explained_variance   | 0.11        |
|    learning_rate        | 0.0003      |
|    loss                 | 2.82        |
|    n_updates            | 30          |
|    policy_gradient_loss | -0.0131     |
|    value_loss           | 9.13        |
-----------------------------------------
----------------------------------------
| rollout/                |            |
|    ep_len_mean          | 150        |
|    ep_rew_mean          | 21.4       |
| time/                   |            |
|    fps                  | 1724       |
|    iterations           | 5          |
|    time_elapsed         | 5          |
|    total_timesteps      | 10240      |
| train/                  |            |
|    approx_kl            | 0.01680535 |
|    clip_fraction        | 0.114      |
|    clip_range           | 0.2        |
|    entropy_loss         | -1.92      |
|    explained_variance   | 0.213      |
|    learning_rate        | 0.0003     |
|    loss                 | 1.66       |
|    n_updates            | 40         |
|    policy_gradient_loss | -0.0247    |
|    value_loss           | 6.89       |
----------------------------------------
-----------------------------------------
| rollout/                |             |
|    ep_len_mean          | 150         |
|    ep_rew_mean          | 24.7        |
| time/                   |             |
|    fps                  | 1737        |
|    iterations           | 6           |
|    time_elapsed         | 7           |
|    total_timesteps      | 12288       |
| train/                  |             |
|    approx_kl            | 0.010720424 |
|    clip_fraction        | 0.0138      |
|    clip_range           | 0.2         |
|    entropy_loss         | -1.87       |
|    explained_variance   | 0.512       |
|    learning_rate        | 0.0003      |
|    loss                 | 2.3         |
|    n_updates            | 50          |
|    policy_gradient_loss | -0.0102     |
|    value_loss           | 10.2        |
-----------------------------------------
-----------------------------------------
| rollout/                |             |
|    ep_len_mean          | 150         |
|    ep_rew_mean          | 29.2        |
| time/                   |             |
|    fps                  | 1764        |
|    iterations           | 7           |
|    time_elapsed         | 8           |
|    total_timesteps      | 14336       |
| train/                  |             |
|    approx_kl            | 0.004043517 |
|    clip_fraction        | 0           |
|    clip_range           | 0.2         |
|    entropy_loss         | -1.77       |
|    explained_variance   | 0.632       |
|    learning_rate        | 0.0003      |
|    loss                 | 2.91        |
|    n_updates            | 60          |
|    policy_gradient_loss | -0.0043     |
|    value_loss           | 10.8        |
-----------------------------------------
-----------------------------------------
| rollout/                |             |
|    ep_len_mean          | 150         |
|    ep_rew_mean          | 34          |
| time/                   |             |
|    fps                  | 1782        |
|    iterations           | 8           |
|    time_elapsed         | 9           |
|    total_timesteps      | 16384       |
| train/                  |             |
|    approx_kl            | 0.001070222 |
|    clip_fraction        | 0           |
|    clip_range           | 0.2         |
|    entropy_loss         | -1.73       |
|    explained_variance   | 0.336       |
|    learning_rate        | 0.0003      |
|    loss                 | 72.6        |
|    n_updates            | 70          |
|    policy_gradient_loss | -0.00147    |
|    value_loss           | 110         |
-----------------------------------------
-----------------------------------------
| rollout/                |             |
|    ep_len_mean          | 149         |
|    ep_rew_mean          | 41.6        |
| time/                   |             |
|    fps                  | 1803        |
|    iterations           | 9           |
|    time_elapsed         | 10          |
|    total_timesteps      | 18432       |
| train/                  |             |
|    approx_kl            | 0.000138514 |
|    clip_fraction        | 0           |
|    clip_range           | 0.2         |
|    entropy_loss         | -1.71       |
|    explained_variance   | 0.869       |
|    learning_rate        | 0.0003      |
|    loss                 | 2.1         |
|    n_updates            | 80          |
|    policy_gradient_loss | -0.000301   |
|    value_loss           | 8.74        |
-----------------------------------------
-------------------------------------------
| rollout/                |               |
|    ep_len_mean          | 149           |
|    ep_rew_mean          | 47.8          |
| time/                   |               |
|    fps                  | 1824          |
|    iterations           | 10            |
|    time_elapsed         | 11            |
|    total_timesteps      | 20480         |
| train/                  |               |
|    approx_kl            | 0.00010493916 |
|    clip_fraction        | 0             |
|    clip_range           | 0.2           |
|    entropy_loss         | -1.7          |
|    explained_variance   | 0.57          |
|    learning_rate        | 0.0003        |
|    loss                 | 20.1          |
|    n_updates            | 90            |
|    policy_gradient_loss | -0.000385     |
|    value_loss           | 110           |
-------------------------------------------
 100% ━━━━━━━━━━━━━━━━━━━━━━━━ 20,480/20,000  [ 0:00:11 < 0:00:00 , 1,809 it/s ]

[PPO] 阶段 free_64 完成，耗时 12.0s
[PPO] 阶段 2/4 sparse_128: 128×128, 30000 steps …
---------------------------------
| rollout/           |          |
|    ep_len_mean     | 158      |
|    ep_rew_mean     | 52.3     |
| time/              |          |
|    fps             | 1907     |
|    iterations      | 1        |
|    time_elapsed    | 1        |
|    total_timesteps | 22528    |
---------------------------------
-----------------------------------------
| rollout/                |             |
|    ep_len_mean          | 168         |
|    ep_rew_mean          | 58.7        |
| time/                   |             |
|    fps                  | 1728        |
|    iterations           | 2           |
|    time_elapsed         | 2           |
|    total_timesteps      | 24576       |
| train/                  |             |
|    approx_kl            | 0.004282117 |
|    clip_fraction        | 0.0284      |
|    clip_range           | 0.2         |
|    entropy_loss         | -1.72       |
|    explained_variance   | 0.899       |
|    learning_rate        | 0.0003      |
|    loss                 | 3.16        |
|    n_updates            | 110         |
|    policy_gradient_loss | -0.0125     |
|    value_loss           | 10.9        |
-----------------------------------------
-----------------------------------------
| rollout/                |             |
|    ep_len_mean          | 178         |
|    ep_rew_mean          | 65.4        |
| time/                   |             |
|    fps                  | 1763        |
|    iterations           | 3           |
|    time_elapsed         | 3           |
|    total_timesteps      | 26624       |
| train/                  |             |
|    approx_kl            | 0.002938259 |
|    clip_fraction        | 0.0236      |
|    clip_range           | 0.2         |
|    entropy_loss         | -1.71       |
|    explained_variance   | 0.575       |
|    learning_rate        | 0.0003      |
|    loss                 | 55.1        |
|    n_updates            | 120         |
|    policy_gradient_loss | -0.00636    |
|    value_loss           | 83.6        |
-----------------------------------------
-----------------------------------------
| rollout/                |             |
|    ep_len_mean          | 188         |
|    ep_rew_mean          | 73.1        |
| time/                   |             |
|    fps                  | 1777        |
|    iterations           | 4           |
|    time_elapsed         | 4           |
|    total_timesteps      | 28672       |
| train/                  |             |
|    approx_kl            | 0.003924841 |
|    clip_fraction        | 0.0309      |
|    clip_range           | 0.2         |
|    entropy_loss         | -1.72       |
|    explained_variance   | 0.657       |
|    learning_rate        | 0.0003      |
|    loss                 | 27.2        |
|    n_updates            | 130         |
|    policy_gradient_loss | -0.00753    |
|    value_loss           | 106         |
-----------------------------------------
-----------------------------------------
| rollout/                |             |
|    ep_len_mean          | 197         |
|    ep_rew_mean          | 76.2        |
| time/                   |             |
|    fps                  | 1789        |
|    iterations           | 5           |
|    time_elapsed         | 5           |
|    total_timesteps      | 30720       |
| train/                  |             |
|    approx_kl            | 0.001965094 |
|    clip_fraction        | 0.00942     |
|    clip_range           | 0.2         |
|    entropy_loss         | -1.71       |
|    explained_variance   | 0.429       |
|    learning_rate        | 0.0003      |
|    loss                 | 34.5        |
|    n_updates            | 140         |
|    policy_gradient_loss | -0.00463    |
|    value_loss           | 160         |
-----------------------------------------
------------------------------------------
| rollout/                |              |
|    ep_len_mean          | 208          |
|    ep_rew_mean          | 80.2         |
| time/                   |              |
|    fps                  | 1809         |
|    iterations           | 6            |
|    time_elapsed         | 6            |
|    total_timesteps      | 32768        |
| train/                  |              |
|    approx_kl            | 0.0023832193 |
|    clip_fraction        | 0.013        |
|    clip_range           | 0.2          |
|    entropy_loss         | -1.69        |
|    explained_variance   | 0.878        |
|    learning_rate        | 0.0003       |
|    loss                 | 5.95         |
|    n_updates            | 150          |
|    policy_gradient_loss | -0.00615     |
|    value_loss           | 20.8         |
------------------------------------------
------------------------------------------
| rollout/                |              |
|    ep_len_mean          | 218          |
|    ep_rew_mean          | 83.8         |
| time/                   |              |
|    fps                  | 1824         |
|    iterations           | 7            |
|    time_elapsed         | 7            |
|    total_timesteps      | 34816        |
| train/                  |              |
|    approx_kl            | 0.0025296193 |
|    clip_fraction        | 0.0208       |
|    clip_range           | 0.2          |
|    entropy_loss         | -1.63        |
|    explained_variance   | 0.923        |
|    learning_rate        | 0.0003       |
|    loss                 | 4.53         |
|    n_updates            | 160          |
|    policy_gradient_loss | -0.0072      |
|    value_loss           | 15           |
------------------------------------------
-----------------------------------------
| rollout/                |             |
|    ep_len_mean          | 229         |
|    ep_rew_mean          | 85.9        |
| time/                   |             |
|    fps                  | 1835        |
|    iterations           | 8           |
|    time_elapsed         | 8           |
|    total_timesteps      | 36864       |
| train/                  |             |
|    approx_kl            | 0.002614744 |
|    clip_fraction        | 0.0122      |
|    clip_range           | 0.2         |
|    entropy_loss         | -1.61       |
|    explained_variance   | 0.961       |
|    learning_rate        | 0.0003      |
|    loss                 | 3.23        |
|    n_updates            | 170         |
|    policy_gradient_loss | -0.00496    |
|    value_loss           | 10.8        |
-----------------------------------------
-----------------------------------------
| rollout/                |             |
|    ep_len_mean          | 239         |
|    ep_rew_mean          | 91.5        |
| time/                   |             |
|    fps                  | 1845        |
|    iterations           | 9           |
|    time_elapsed         | 9           |
|    total_timesteps      | 38912       |
| train/                  |             |
|    approx_kl            | 0.004862899 |
|    clip_fraction        | 0.0228      |
|    clip_range           | 0.2         |
|    entropy_loss         | -1.62       |
|    explained_variance   | 0.975       |
|    learning_rate        | 0.0003      |
|    loss                 | 3.24        |
|    n_updates            | 180         |
|    policy_gradient_loss | -0.0062     |
|    value_loss           | 8.21        |
-----------------------------------------
------------------------------------------
| rollout/                |              |
|    ep_len_mean          | 248          |
|    ep_rew_mean          | 99.1         |
| time/                   |              |
|    fps                  | 1850         |
|    iterations           | 10           |
|    time_elapsed         | 11           |
|    total_timesteps      | 40960        |
| train/                  |              |
|    approx_kl            | 0.0018569803 |
|    clip_fraction        | 0.0111       |
|    clip_range           | 0.2          |
|    entropy_loss         | -1.57        |
|    explained_variance   | 0.823        |
|    learning_rate        | 0.0003       |
|    loss                 | 33           |
|    n_updates            | 190          |
|    policy_gradient_loss | -0.00213     |
|    value_loss           | 97.2         |
------------------------------------------
-----------------------------------------
| rollout/                |             |
|    ep_len_mean          | 258         |
|    ep_rew_mean          | 103         |
| time/                   |             |
|    fps                  | 1849        |
|    iterations           | 11          |
|    time_elapsed         | 12          |
|    total_timesteps      | 43008       |
| train/                  |             |
|    approx_kl            | 0.002469325 |
|    clip_fraction        | 0.0195      |
|    clip_range           | 0.2         |
|    entropy_loss         | -1.63       |
|    explained_variance   | 0.712       |
|    learning_rate        | 0.0003      |
|    loss                 | 32.3        |
|    n_updates            | 200         |
|    policy_gradient_loss | -0.00484    |
|    value_loss           | 167         |
-----------------------------------------
-----------------------------------------
| rollout/                |             |
|    ep_len_mean          | 269         |
|    ep_rew_mean          | 105         |
| time/                   |             |
|    fps                  | 1854        |
|    iterations           | 12          |
|    time_elapsed         | 13          |
|    total_timesteps      | 45056       |
| train/                  |             |
|    approx_kl            | 0.003234782 |
|    clip_fraction        | 0.0307      |
|    clip_range           | 0.2         |
|    entropy_loss         | -1.62       |
|    explained_variance   | 0.942       |
|    learning_rate        | 0.0003      |
|    loss                 | 6.61        |
|    n_updates            | 210         |
|    policy_gradient_loss | -0.00973    |
|    value_loss           | 20.4        |
-----------------------------------------
------------------------------------------
| rollout/                |              |
|    ep_len_mean          | 277          |
|    ep_rew_mean          | 115          |
| time/                   |              |
|    fps                  | 1845         |
|    iterations           | 13           |
|    time_elapsed         | 14           |
|    total_timesteps      | 47104        |
| train/                  |              |
|    approx_kl            | 0.0034009898 |
|    clip_fraction        | 0.0304       |
|    clip_range           | 0.2          |
|    entropy_loss         | -1.55        |
|    explained_variance   | 0.956        |
|    learning_rate        | 0.0003       |
|    loss                 | 4.97         |
|    n_updates            | 220          |
|    policy_gradient_loss | -0.00856     |
|    value_loss           | 16           |
------------------------------------------
------------------------------------------
| rollout/                |              |
|    ep_len_mean          | 288          |
|    ep_rew_mean          | 117          |
| time/                   |              |
|    fps                  | 1849         |
|    iterations           | 14           |
|    time_elapsed         | 15           |
|    total_timesteps      | 49152        |
| train/                  |              |
|    approx_kl            | 0.0026652738 |
|    clip_fraction        | 0.0123       |
|    clip_range           | 0.2          |
|    entropy_loss         | -1.57        |
|    explained_variance   | 0.335        |
|    learning_rate        | 0.0003       |
|    loss                 | 72           |
|    n_updates            | 230          |
|    policy_gradient_loss | -0.0046      |
|    value_loss           | 295          |
------------------------------------------
------------------------------------------
| rollout/                |              |
|    ep_len_mean          | 290          |
|    ep_rew_mean          | 120          |
| time/                   |              |
|    fps                  | 1844         |
|    iterations           | 15           |
|    time_elapsed         | 16           |
|    total_timesteps      | 51200        |
| train/                  |              |
|    approx_kl            | 0.0037464062 |
|    clip_fraction        | 0.0367       |
|    clip_range           | 0.2          |
|    entropy_loss         | -1.58        |
|    explained_variance   | 0.936        |
|    learning_rate        | 0.0003       |
|    loss                 | 5.1          |
|    n_updates            | 240          |
|    policy_gradient_loss | -0.00944     |
|    value_loss           | 24.6         |
------------------------------------------
 100% ━━━━━━━━━━━━━━━━━━━━━━━━ 30,720/30,000  [ 0:00:16 < 0:00:00 , 1,830 it/s ]

[PPO] 阶段 sparse_128 完成，耗时 16.8s
[PPO] 阶段 3/4 medium_256: 256×256, 40000 steps …
---------------------------------
| rollout/           |          |
|    ep_len_mean     | 300      |
|    ep_rew_mean     | 122      |
| time/              |          |
|    fps             | 1892     |
|    iterations      | 1        |
|    time_elapsed    | 1        |
|    total_timesteps | 53248    |
---------------------------------
-----------------------------------------
| rollout/                |             |
|    ep_len_mean          | 309         |
|    ep_rew_mean          | 129         |
| time/                   |             |
|    fps                  | 1888        |
|    iterations           | 2           |
|    time_elapsed         | 2           |
|    total_timesteps      | 55296       |
| train/                  |             |
|    approx_kl            | 0.009421518 |
|    clip_fraction        | 0.0503      |
|    clip_range           | 0.2         |
|    entropy_loss         | -1.58       |
|    explained_variance   | 0.968       |
|    learning_rate        | 0.0003      |
|    loss                 | 5.2         |
|    n_updates            | 260         |
|    policy_gradient_loss | -0.0137     |
|    value_loss           | 16.1        |
-----------------------------------------
-----------------------------------------
| rollout/                |             |
|    ep_len_mean          | 318         |
|    ep_rew_mean          | 133         |
| time/                   |             |
|    fps                  | 1878        |
|    iterations           | 3           |
|    time_elapsed         | 3           |
|    total_timesteps      | 57344       |
| train/                  |             |
|    approx_kl            | 0.002514463 |
|    clip_fraction        | 0.0151      |
|    clip_range           | 0.2         |
|    entropy_loss         | -1.54       |
|    explained_variance   | 0.783       |
|    learning_rate        | 0.0003      |
|    loss                 | 49          |
|    n_updates            | 270         |
|    policy_gradient_loss | -0.00194    |
|    value_loss           | 108         |
-----------------------------------------
-----------------------------------------
| rollout/                |             |
|    ep_len_mean          | 329         |
|    ep_rew_mean          | 138         |
| time/                   |             |
|    fps                  | 1872        |
|    iterations           | 4           |
|    time_elapsed         | 4           |
|    total_timesteps      | 59392       |
| train/                  |             |
|    approx_kl            | 0.010577433 |
|    clip_fraction        | 0.0613      |
|    clip_range           | 0.2         |
|    entropy_loss         | -1.58       |
|    explained_variance   | 0.975       |
|    learning_rate        | 0.0003      |
|    loss                 | 2.79        |
|    n_updates            | 280         |
|    policy_gradient_loss | -0.0104     |
|    value_loss           | 11          |
-----------------------------------------
------------------------------------------
| rollout/                |              |
|    ep_len_mean          | 338          |
|    ep_rew_mean          | 145          |
| time/                   |              |
|    fps                  | 1837         |
|    iterations           | 5            |
|    time_elapsed         | 5            |
|    total_timesteps      | 61440        |
| train/                  |              |
|    approx_kl            | 0.0045688986 |
|    clip_fraction        | 0.0573       |
|    clip_range           | 0.2          |
|    entropy_loss         | -1.48        |
|    explained_variance   | 0.843        |
|    learning_rate        | 0.0003       |
|    loss                 | 38.1         |
|    n_updates            | 290          |
|    policy_gradient_loss | -0.0094      |
|    value_loss           | 113          |
------------------------------------------
------------------------------------------
| rollout/                |              |
|    ep_len_mean          | 348          |
|    ep_rew_mean          | 147          |
| time/                   |              |
|    fps                  | 1807         |
|    iterations           | 6            |
|    time_elapsed         | 6            |
|    total_timesteps      | 63488        |
| train/                  |              |
|    approx_kl            | 0.0027247623 |
|    clip_fraction        | 0.0205       |
|    clip_range           | 0.2          |
|    entropy_loss         | -1.49        |
|    explained_variance   | 0.825        |
|    learning_rate        | 0.0003       |
|    loss                 | 57.8         |
|    n_updates            | 300          |
|    policy_gradient_loss | -0.00297     |
|    value_loss           | 107          |
------------------------------------------
------------------------------------------
| rollout/                |              |
|    ep_len_mean          | 357          |
|    ep_rew_mean          | 157          |
| time/                   |              |
|    fps                  | 1802         |
|    iterations           | 7            |
|    time_elapsed         | 7            |
|    total_timesteps      | 65536        |
| train/                  |              |
|    approx_kl            | 0.0080527505 |
|    clip_fraction        | 0.0431       |
|    clip_range           | 0.2          |
|    entropy_loss         | -1.53        |
|    explained_variance   | 0.949        |
|    learning_rate        | 0.0003       |
|    loss                 | 5.72         |
|    n_updates            | 310          |
|    policy_gradient_loss | -0.00707     |
|    value_loss           | 18.4         |
------------------------------------------
------------------------------------------
| rollout/                |              |
|    ep_len_mean          | 359          |
|    ep_rew_mean          | 176          |
| time/                   |              |
|    fps                  | 1794         |
|    iterations           | 8            |
|    time_elapsed         | 9            |
|    total_timesteps      | 67584        |
| train/                  |              |
|    approx_kl            | 0.0025911243 |
|    clip_fraction        | 0.0293       |
|    clip_range           | 0.2          |
|    entropy_loss         | -1.33        |
|    explained_variance   | 0.612        |
|    learning_rate        | 0.0003       |
|    loss                 | 80.4         |
|    n_updates            | 320          |
|    policy_gradient_loss | -0.00601     |
|    value_loss           | 262          |
------------------------------------------
------------------------------------------
| rollout/                |              |
|    ep_len_mean          | 365          |
|    ep_rew_mean          | 189          |
| time/                   |              |
|    fps                  | 1787         |
|    iterations           | 9            |
|    time_elapsed         | 10           |
|    total_timesteps      | 69632        |
| train/                  |              |
|    approx_kl            | 0.0010715369 |
|    clip_fraction        | 0.00605      |
|    clip_range           | 0.2          |
|    entropy_loss         | -1.14        |
|    explained_variance   | 0.00504      |
|    learning_rate        | 0.0003       |
|    loss                 | 144          |
|    n_updates            | 330          |
|    policy_gradient_loss | -0.00426     |
|    value_loss           | 378          |
------------------------------------------
-----------------------------------------
| rollout/                |             |
|    ep_len_mean          | 370         |
|    ep_rew_mean          | 201         |
| time/                   |             |
|    fps                  | 1781        |
|    iterations           | 10          |
|    time_elapsed         | 11          |
|    total_timesteps      | 71680       |
| train/                  |             |
|    approx_kl            | 0.002333788 |
|    clip_fraction        | 0.0232      |
|    clip_range           | 0.2         |
|    entropy_loss         | -1.26       |
|    explained_variance   | 0.223       |
|    learning_rate        | 0.0003      |
|    loss                 | 73.2        |
|    n_updates            | 340         |
|    policy_gradient_loss | -0.00759    |
|    value_loss           | 222         |
-----------------------------------------
------------------------------------------
| rollout/                |              |
|    ep_len_mean          | 375          |
|    ep_rew_mean          | 217          |
| time/                   |              |
|    fps                  | 1783         |
|    iterations           | 11           |
|    time_elapsed         | 12           |
|    total_timesteps      | 73728        |
| train/                  |              |
|    approx_kl            | 0.0034044168 |
|    clip_fraction        | 0.00889      |
|    clip_range           | 0.2          |
|    entropy_loss         | -1.25        |
|    explained_variance   | 0.16         |
|    learning_rate        | 0.0003       |
|    loss                 | 53.2         |
|    n_updates            | 350          |
|    policy_gradient_loss | -0.00584     |
|    value_loss           | 163          |
------------------------------------------
------------------------------------------
| rollout/                |              |
|    ep_len_mean          | 376          |
|    ep_rew_mean          | 235          |
| time/                   |              |
|    fps                  | 1772         |
|    iterations           | 12           |
|    time_elapsed         | 13           |
|    total_timesteps      | 75776        |
| train/                  |              |
|    approx_kl            | 0.0037651858 |
|    clip_fraction        | 0.0421       |
|    clip_range           | 0.2          |
|    entropy_loss         | -1.16        |
|    explained_variance   | 0.299        |
|    learning_rate        | 0.0003       |
|    loss                 | 108          |
|    n_updates            | 360          |
|    policy_gradient_loss | -0.0113      |
|    value_loss           | 235          |
------------------------------------------
------------------------------------------
| rollout/                |              |
|    ep_len_mean          | 380          |
|    ep_rew_mean          | 253          |
| time/                   |              |
|    fps                  | 1763         |
|    iterations           | 13           |
|    time_elapsed         | 15           |
|    total_timesteps      | 77824        |
| train/                  |              |
|    approx_kl            | 0.0024751592 |
|    clip_fraction        | 0.0128       |
|    clip_range           | 0.2          |
|    entropy_loss         | -0.999       |
|    explained_variance   | -0.00879     |
|    learning_rate        | 0.0003       |
|    loss                 | 60.6         |
|    n_updates            | 370          |
|    policy_gradient_loss | -0.00551     |
|    value_loss           | 234          |
------------------------------------------
------------------------------------------
| rollout/                |              |
|    ep_len_mean          | 382          |
|    ep_rew_mean          | 270          |
| time/                   |              |
|    fps                  | 1758         |
|    iterations           | 14           |
|    time_elapsed         | 16           |
|    total_timesteps      | 79872        |
| train/                  |              |
|    approx_kl            | 0.0023830433 |
|    clip_fraction        | 0.0161       |
|    clip_range           | 0.2          |
|    entropy_loss         | -0.961       |
|    explained_variance   | 0.109        |
|    learning_rate        | 0.0003       |
|    loss                 | 87.5         |
|    n_updates            | 380          |
|    policy_gradient_loss | -0.00764     |
|    value_loss           | 252          |
------------------------------------------
------------------------------------------
| rollout/                |              |
|    ep_len_mean          | 382          |
|    ep_rew_mean          | 292          |
| time/                   |              |
|    fps                  | 1755         |
|    iterations           | 15           |
|    time_elapsed         | 17           |
|    total_timesteps      | 81920        |
| train/                  |              |
|    approx_kl            | 0.0009937212 |
|    clip_fraction        | 0.00537      |
|    clip_range           | 0.2          |
|    entropy_loss         | -0.927       |
|    explained_variance   | 0.00205      |
|    learning_rate        | 0.0003       |
|    loss                 | 114          |
|    n_updates            | 390          |
|    policy_gradient_loss | -0.00484     |
|    value_loss           | 205          |
------------------------------------------
------------------------------------------
| rollout/                |              |
|    ep_len_mean          | 381          |
|    ep_rew_mean          | 312          |
| time/                   |              |
|    fps                  | 1753         |
|    iterations           | 16           |
|    time_elapsed         | 18           |
|    total_timesteps      | 83968        |
| train/                  |              |
|    approx_kl            | 0.0019043012 |
|    clip_fraction        | 0.0131       |
|    clip_range           | 0.2          |
|    entropy_loss         | -0.815       |
|    explained_variance   | 0.0211       |
|    learning_rate        | 0.0003       |
|    loss                 | 60.4         |
|    n_updates            | 400          |
|    policy_gradient_loss | -0.00619     |
|    value_loss           | 225          |
------------------------------------------
------------------------------------------
| rollout/                |              |
|    ep_len_mean          | 383          |
|    ep_rew_mean          | 332          |
| time/                   |              |
|    fps                  | 1747         |
|    iterations           | 17           |
|    time_elapsed         | 19           |
|    total_timesteps      | 86016        |
| train/                  |              |
|    approx_kl            | 0.0008520989 |
|    clip_fraction        | 0.000537     |
|    clip_range           | 0.2          |
|    entropy_loss         | -0.72        |
|    explained_variance   | -0.00582     |
|    learning_rate        | 0.0003       |
|    loss                 | 94.7         |
|    n_updates            | 410          |
|    policy_gradient_loss | -0.00361     |
|    value_loss           | 217          |
------------------------------------------
------------------------------------------
| rollout/                |              |
|    ep_len_mean          | 381          |
|    ep_rew_mean          | 353          |
| time/                   |              |
|    fps                  | 1747         |
|    iterations           | 18           |
|    time_elapsed         | 21           |
|    total_timesteps      | 88064        |
| train/                  |              |
|    approx_kl            | 0.0013726356 |
|    clip_fraction        | 0.00444      |
|    clip_range           | 0.2          |
|    entropy_loss         | -0.718       |
|    explained_variance   | 0.00288      |
|    learning_rate        | 0.0003       |
|    loss                 | 129          |
|    n_updates            | 420          |
|    policy_gradient_loss | -0.00484     |
|    value_loss           | 225          |
------------------------------------------
------------------------------------------
| rollout/                |              |
|    ep_len_mean          | 370          |
|    ep_rew_mean          | 372          |
| time/                   |              |
|    fps                  | 1741         |
|    iterations           | 19           |
|    time_elapsed         | 22           |
|    total_timesteps      | 90112        |
| train/                  |              |
|    approx_kl            | 0.0016668588 |
|    clip_fraction        | 0.00137      |
|    clip_range           | 0.2          |
|    entropy_loss         | -0.664       |
|    explained_variance   | -0.00203     |
|    learning_rate        | 0.0003       |
|    loss                 | 73.9         |
|    n_updates            | 430          |
|    policy_gradient_loss | -0.00376     |
|    value_loss           | 186          |
------------------------------------------
-------------------------------------------
| rollout/                |               |
|    ep_len_mean          | 346           |
|    ep_rew_mean          | 384           |
| time/                   |               |
|    fps                  | 1737          |
|    iterations           | 20            |
|    time_elapsed         | 23            |
|    total_timesteps      | 92160         |
| train/                  |               |
|    approx_kl            | 0.00032381262 |
|    clip_fraction        | 0.000244      |
|    clip_range           | 0.2           |
|    entropy_loss         | -0.582        |
|    explained_variance   | -0.00558      |
|    learning_rate        | 0.0003        |
|    loss                 | 111           |
|    n_updates            | 440           |
|    policy_gradient_loss | -0.00103      |
|    value_loss           | 218           |
-------------------------------------------
 100% ━━━━━━━━━━━━━━━━━━━━━━━━ 40,960/40,000  [ 0:00:23 < 0:00:00 , 1,728 it/s ]

[PPO] 阶段 medium_256 完成，耗时 23.7s
[PPO] 阶段 4/4 target_500: 500×500, 60000 steps …
---------------------------------
| rollout/           |          |
|    ep_len_mean     | 355      |
|    ep_rew_mean     | 384      |
| time/              |          |
|    fps             | 1867     |
|    iterations      | 1        |
|    time_elapsed    | 1        |
|    total_timesteps | 94208    |
---------------------------------
------------------------------------------
| rollout/                |              |
|    ep_len_mean          | 366          |
|    ep_rew_mean          | 383          |
| time/                   |              |
|    fps                  | 1775         |
|    iterations           | 2            |
|    time_elapsed         | 2            |
|    total_timesteps      | 96256        |
| train/                  |              |
|    approx_kl            | 0.0021049588 |
|    clip_fraction        | 0.00859      |
|    clip_range           | 0.2          |
|    entropy_loss         | -1.59        |
|    explained_variance   | 7.21e-05     |
|    learning_rate        | 0.0003       |
|    loss                 | 46.3         |
|    n_updates            | 460          |
|    policy_gradient_loss | -0.00479     |
|    value_loss           | 104          |
------------------------------------------
-----------------------------------------
| rollout/                |             |
|    ep_len_mean          | 384         |
|    ep_rew_mean          | 384         |
| time/                   |             |
|    fps                  | 1748        |
|    iterations           | 3           |
|    time_elapsed         | 3           |
|    total_timesteps      | 98304       |
| train/                  |             |
|    approx_kl            | 0.009542635 |
|    clip_fraction        | 0.0878      |
|    clip_range           | 0.2         |
|    entropy_loss         | -1.45       |
|    explained_variance   | 4.4e-05     |
|    learning_rate        | 0.0003      |
|    loss                 | 38.9        |
|    n_updates            | 470         |
|    policy_gradient_loss | -0.00726    |
|    value_loss           | 91.1        |
-----------------------------------------
-----------------------------------------
| rollout/                |             |
|    ep_len_mean          | 393         |
|    ep_rew_mean          | 384         |
| time/                   |             |
|    fps                  | 1745        |
|    iterations           | 4           |
|    time_elapsed         | 4           |
|    total_timesteps      | 100352      |
| train/                  |             |
|    approx_kl            | 0.010564176 |
|    clip_fraction        | 0.0949      |
|    clip_range           | 0.2         |
|    entropy_loss         | -1.56       |
|    explained_variance   | 0.000212    |
|    learning_rate        | 0.0003      |
|    loss                 | 43.5        |
|    n_updates            | 480         |
|    policy_gradient_loss | -0.00884    |
|    value_loss           | 100         |
-----------------------------------------
------------------------------------------
| rollout/                |              |
|    ep_len_mean          | 405          |
|    ep_rew_mean          | 383          |
| time/                   |              |
|    fps                  | 1739         |
|    iterations           | 5            |
|    time_elapsed         | 5            |
|    total_timesteps      | 102400       |
| train/                  |              |
|    approx_kl            | 0.0073482124 |
|    clip_fraction        | 0.0676       |
|    clip_range           | 0.2          |
|    entropy_loss         | -1.46        |
|    explained_variance   | 2.34e-05     |
|    learning_rate        | 0.0003       |
|    loss                 | 33.1         |
|    n_updates            | 490          |
|    policy_gradient_loss | -0.00722     |
|    value_loss           | 75.8         |
------------------------------------------
------------------------------------------
| rollout/                |              |
|    ep_len_mean          | 423          |
|    ep_rew_mean          | 384          |
| time/                   |              |
|    fps                  | 1729         |
|    iterations           | 6            |
|    time_elapsed         | 7            |
|    total_timesteps      | 104448       |
| train/                  |              |
|    approx_kl            | 0.0044164043 |
|    clip_fraction        | 0.02         |
|    clip_range           | 0.2          |
|    entropy_loss         | -1.62        |
|    explained_variance   | 0.000498     |
|    learning_rate        | 0.0003       |
|    loss                 | 38.9         |
|    n_updates            | 500          |
|    policy_gradient_loss | -0.00552     |
|    value_loss           | 92           |
------------------------------------------
-----------------------------------------
| rollout/                |             |
|    ep_len_mean          | 432         |
|    ep_rew_mean          | 384         |
| time/                   |             |
|    fps                  | 1723        |
|    iterations           | 7           |
|    time_elapsed         | 8           |
|    total_timesteps      | 106496      |
| train/                  |             |
|    approx_kl            | 0.004377416 |
|    clip_fraction        | 0.0193      |
|    clip_range           | 0.2         |
|    entropy_loss         | -1.58       |
|    explained_variance   | 0.000747    |
|    learning_rate        | 0.0003      |
|    loss                 | 32.5        |
|    n_updates            | 510         |
|    policy_gradient_loss | -0.00541    |
|    value_loss           | 79          |
-----------------------------------------
------------------------------------------
| rollout/                |              |
|    ep_len_mean          | 441          |
|    ep_rew_mean          | 385          |
| time/                   |              |
|    fps                  | 1723         |
|    iterations           | 8            |
|    time_elapsed         | 9            |
|    total_timesteps      | 108544       |
| train/                  |              |
|    approx_kl            | 0.0061012474 |
|    clip_fraction        | 0.0295       |
|    clip_range           | 0.2          |
|    entropy_loss         | -1.5         |
|    explained_variance   | 0.00414      |
|    learning_rate        | 0.0003       |
|    loss                 | 22.4         |
|    n_updates            | 520          |
|    policy_gradient_loss | -0.00533     |
|    value_loss           | 67.9         |
------------------------------------------
------------------------------------------
| rollout/                |              |
|    ep_len_mean          | 461          |
|    ep_rew_mean          | 384          |
| time/                   |              |
|    fps                  | 1723         |
|    iterations           | 9            |
|    time_elapsed         | 10           |
|    total_timesteps      | 110592       |
| train/                  |              |
|    approx_kl            | 0.0114934575 |
|    clip_fraction        | 0.0762       |
|    clip_range           | 0.2          |
|    entropy_loss         | -1.59        |
|    explained_variance   | 0.125        |
|    learning_rate        | 0.0003       |
|    loss                 | 4.48         |
|    n_updates            | 530          |
|    policy_gradient_loss | -0.00801     |
|    value_loss           | 28.5         |
------------------------------------------
-----------------------------------------
| rollout/                |             |
|    ep_len_mean          | 472         |
|    ep_rew_mean          | 383         |
| time/                   |             |
|    fps                  | 1706        |
|    iterations           | 10          |
|    time_elapsed         | 12          |
|    total_timesteps      | 112640      |
| train/                  |             |
|    approx_kl            | 0.012068046 |
|    clip_fraction        | 0.0903      |
|    clip_range           | 0.2         |
|    entropy_loss         | -1.47       |
|    explained_variance   | 0.634       |
|    learning_rate        | 0.0003      |
|    loss                 | 9.89        |
|    n_updates            | 540         |
|    policy_gradient_loss | -0.00896    |
|    value_loss           | 23.2        |
-----------------------------------------
-----------------------------------------
| rollout/                |             |
|    ep_len_mean          | 493         |
|    ep_rew_mean          | 382         |
| time/                   |             |
|    fps                  | 1703        |
|    iterations           | 11          |
|    time_elapsed         | 13          |
|    total_timesteps      | 114688      |
| train/                  |             |
|    approx_kl            | 0.006135628 |
|    clip_fraction        | 0.0366      |
|    clip_range           | 0.2         |
|    entropy_loss         | -1.47       |
|    explained_variance   | 0.683       |
|    learning_rate        | 0.0003      |
|    loss                 | 21.4        |
|    n_updates            | 550         |
|    policy_gradient_loss | -0.00474    |
|    value_loss           | 37.9        |
-----------------------------------------
------------------------------------------
| rollout/                |              |
|    ep_len_mean          | 504          |
|    ep_rew_mean          | 381          |
| time/                   |              |
|    fps                  | 1691         |
|    iterations           | 12           |
|    time_elapsed         | 14           |
|    total_timesteps      | 116736       |
| train/                  |              |
|    approx_kl            | 0.0059578223 |
|    clip_fraction        | 0.0353       |
|    clip_range           | 0.2          |
|    entropy_loss         | -1.51        |
|    explained_variance   | 0.631        |
|    learning_rate        | 0.0003       |
|    loss                 | 21.2         |
|    n_updates            | 560          |
|    policy_gradient_loss | -0.00426     |
|    value_loss           | 53.5         |
------------------------------------------
-----------------------------------------
| rollout/                |             |
|    ep_len_mean          | 516         |
|    ep_rew_mean          | 379         |
| time/                   |             |
|    fps                  | 1675        |
|    iterations           | 13          |
|    time_elapsed         | 15          |
|    total_timesteps      | 118784      |
| train/                  |             |
|    approx_kl            | 0.005342135 |
|    clip_fraction        | 0.0383      |
|    clip_range           | 0.2         |
|    entropy_loss         | -1.31       |
|    explained_variance   | 0.661       |
|    learning_rate        | 0.0003      |
|    loss                 | 27.6        |
|    n_updates            | 570         |
|    policy_gradient_loss | -0.0052     |
|    value_loss           | 72.6        |
-----------------------------------------
------------------------------------------
| rollout/                |              |
|    ep_len_mean          | 540          |
|    ep_rew_mean          | 379          |
| time/                   |              |
|    fps                  | 1659         |
|    iterations           | 14           |
|    time_elapsed         | 17           |
|    total_timesteps      | 120832       |
| train/                  |              |
|    approx_kl            | 0.0029738378 |
|    clip_fraction        | 0.0179       |
|    clip_range           | 0.2          |
|    entropy_loss         | -1.32        |
|    explained_variance   | 0.475        |
|    learning_rate        | 0.0003       |
|    loss                 | 32.3         |
|    n_updates            | 580          |
|    policy_gradient_loss | -0.00278     |
|    value_loss           | 97.4         |
------------------------------------------
------------------------------------------
| rollout/                |              |
|    ep_len_mean          | 550          |
|    ep_rew_mean          | 377          |
| time/                   |              |
|    fps                  | 1660         |
|    iterations           | 15           |
|    time_elapsed         | 18           |
|    total_timesteps      | 122880       |
| train/                  |              |
|    approx_kl            | 0.0055069067 |
|    clip_fraction        | 0.0285       |
|    clip_range           | 0.2          |
|    entropy_loss         | -1.39        |
|    explained_variance   | 0.768        |
|    learning_rate        | 0.0003       |
|    loss                 | 13.5         |
|    n_updates            | 590          |
|    policy_gradient_loss | -0.00414     |
|    value_loss           | 39.8         |
------------------------------------------
------------------------------------------
| rollout/                |              |
|    ep_len_mean          | 562          |
|    ep_rew_mean          | 376          |
| time/                   |              |
|    fps                  | 1659         |
|    iterations           | 16           |
|    time_elapsed         | 19           |
|    total_timesteps      | 124928       |
| train/                  |              |
|    approx_kl            | 0.0057999142 |
|    clip_fraction        | 0.0268       |
|    clip_range           | 0.2          |
|    entropy_loss         | -1.23        |
|    explained_variance   | 0.826        |
|    learning_rate        | 0.0003       |
|    loss                 | 7.46         |
|    n_updates            | 600          |
|    policy_gradient_loss | -0.00678     |
|    value_loss           | 22.3         |
------------------------------------------
------------------------------------------
| rollout/                |              |
|    ep_len_mean          | 582          |
|    ep_rew_mean          | 375          |
| time/                   |              |
|    fps                  | 1660         |
|    iterations           | 17           |
|    time_elapsed         | 20           |
|    total_timesteps      | 126976       |
| train/                  |              |
|    approx_kl            | 0.0054876674 |
|    clip_fraction        | 0.0265       |
|    clip_range           | 0.2          |
|    entropy_loss         | -1.27        |
|    explained_variance   | 0.913        |
|    learning_rate        | 0.0003       |
|    loss                 | 4.2          |
|    n_updates            | 610          |
|    policy_gradient_loss | -0.00578     |
|    value_loss           | 11.2         |
------------------------------------------
-----------------------------------------
| rollout/                |             |
|    ep_len_mean          | 594         |
|    ep_rew_mean          | 374         |
| time/                   |             |
|    fps                  | 1662        |
|    iterations           | 18          |
|    time_elapsed         | 22          |
|    total_timesteps      | 129024      |
| train/                  |             |
|    approx_kl            | 0.007341518 |
|    clip_fraction        | 0.0313      |
|    clip_range           | 0.2         |
|    entropy_loss         | -1.14       |
|    explained_variance   | 0.944       |
|    learning_rate        | 0.0003      |
|    loss                 | 4.29        |
|    n_updates            | 620         |
|    policy_gradient_loss | -0.00645    |
|    value_loss           | 12.8        |
-----------------------------------------
-----------------------------------------
| rollout/                |             |
|    ep_len_mean          | 606         |
|    ep_rew_mean          | 373         |
| time/                   |             |
|    fps                  | 1662        |
|    iterations           | 19          |
|    time_elapsed         | 23          |
|    total_timesteps      | 131072      |
| train/                  |             |
|    approx_kl            | 0.007553908 |
|    clip_fraction        | 0.0458      |
|    clip_range           | 0.2         |
|    entropy_loss         | -1.14       |
|    explained_variance   | 0.949       |
|    learning_rate        | 0.0003      |
|    loss                 | 5           |
|    n_updates            | 630         |
|    policy_gradient_loss | -0.00786    |
|    value_loss           | 11          |
-----------------------------------------
------------------------------------------
| rollout/                |              |
|    ep_len_mean          | 629          |
|    ep_rew_mean          | 370          |
| time/                   |              |
|    fps                  | 1663         |
|    iterations           | 20           |
|    time_elapsed         | 24           |
|    total_timesteps      | 133120       |
| train/                  |              |
|    approx_kl            | 0.0062804166 |
|    clip_fraction        | 0.0446       |
|    clip_range           | 0.2          |
|    entropy_loss         | -1.17        |
|    explained_variance   | 0.965        |
|    learning_rate        | 0.0003       |
|    loss                 | 3.44         |
|    n_updates            | 640          |
|    policy_gradient_loss | -0.00821     |
|    value_loss           | 8.53         |
------------------------------------------
-----------------------------------------
| rollout/                |             |
|    ep_len_mean          | 638         |
|    ep_rew_mean          | 371         |
| time/                   |             |
|    fps                  | 1661        |
|    iterations           | 21          |
|    time_elapsed         | 25          |
|    total_timesteps      | 135168      |
| train/                  |             |
|    approx_kl            | 0.007439319 |
|    clip_fraction        | 0.0417      |
|    clip_range           | 0.2         |
|    entropy_loss         | -1.02       |
|    explained_variance   | 0.961       |
|    learning_rate        | 0.0003      |
|    loss                 | 6.63        |
|    n_updates            | 650         |
|    policy_gradient_loss | -0.00751    |
|    value_loss           | 15.5        |
-----------------------------------------
------------------------------------------
| rollout/                |              |
|    ep_len_mean          | 662          |
|    ep_rew_mean          | 368          |
| time/                   |              |
|    fps                  | 1662         |
|    iterations           | 22           |
|    time_elapsed         | 27           |
|    total_timesteps      | 137216       |
| train/                  |              |
|    approx_kl            | 0.0067436947 |
|    clip_fraction        | 0.0364       |
|    clip_range           | 0.2          |
|    entropy_loss         | -1.18        |
|    explained_variance   | 0.977        |
|    learning_rate        | 0.0003       |
|    loss                 | 2.25         |
|    n_updates            | 660          |
|    policy_gradient_loss | -0.00782     |
|    value_loss           | 6.2          |
------------------------------------------
----------------------------------------
| rollout/                |            |
|    ep_len_mean          | 671        |
|    ep_rew_mean          | 369        |
| time/                   |            |
|    fps                  | 1662       |
|    iterations           | 23         |
|    time_elapsed         | 28         |
|    total_timesteps      | 139264     |
| train/                  |            |
|    approx_kl            | 0.00737362 |
|    clip_fraction        | 0.0485     |
|    clip_range           | 0.2        |
|    entropy_loss         | -1.18      |
|    explained_variance   | 0.982      |
|    learning_rate        | 0.0003     |
|    loss                 | 3.37       |
|    n_updates            | 670        |
|    policy_gradient_loss | -0.00724   |
|    value_loss           | 6.38       |
----------------------------------------
------------------------------------------
| rollout/                |              |
|    ep_len_mean          | 682          |
|    ep_rew_mean          | 367          |
| time/                   |              |
|    fps                  | 1662         |
|    iterations           | 24           |
|    time_elapsed         | 29           |
|    total_timesteps      | 141312       |
| train/                  |              |
|    approx_kl            | 0.0055687088 |
|    clip_fraction        | 0.0417       |
|    clip_range           | 0.2          |
|    entropy_loss         | -1.05        |
|    explained_variance   | 0.98         |
|    learning_rate        | 0.0003       |
|    loss                 | 5.38         |
|    n_updates            | 680          |
|    policy_gradient_loss | -0.00696     |
|    value_loss           | 11.4         |
------------------------------------------
-----------------------------------------
| rollout/                |             |
|    ep_len_mean          | 705         |
|    ep_rew_mean          | 365         |
| time/                   |             |
|    fps                  | 1663        |
|    iterations           | 25          |
|    time_elapsed         | 30          |
|    total_timesteps      | 143360      |
| train/                  |             |
|    approx_kl            | 0.009208873 |
|    clip_fraction        | 0.048       |
|    clip_range           | 0.2         |
|    entropy_loss         | -1.14       |
|    explained_variance   | 0.986       |
|    learning_rate        | 0.0003      |
|    loss                 | 1.82        |
|    n_updates            | 690         |
|    policy_gradient_loss | -0.00775    |
|    value_loss           | 5.48        |
-----------------------------------------
-----------------------------------------
| rollout/                |             |
|    ep_len_mean          | 716         |
|    ep_rew_mean          | 364         |
| time/                   |             |
|    fps                  | 1663        |
|    iterations           | 26          |
|    time_elapsed         | 32          |
|    total_timesteps      | 145408      |
| train/                  |             |
|    approx_kl            | 0.006889455 |
|    clip_fraction        | 0.0506      |
|    clip_range           | 0.2         |
|    entropy_loss         | -1.12       |
|    explained_variance   | 0.988       |
|    learning_rate        | 0.0003      |
|    loss                 | 2.79        |
|    n_updates            | 700         |
|    policy_gradient_loss | -0.007      |
|    value_loss           | 6.87        |
-----------------------------------------
----------------------------------------
| rollout/                |            |
|    ep_len_mean          | 726        |
|    ep_rew_mean          | 362        |
| time/                   |            |
|    fps                  | 1663       |
|    iterations           | 27         |
|    time_elapsed         | 33         |
|    total_timesteps      | 147456     |
| train/                  |            |
|    approx_kl            | 0.00606764 |
|    clip_fraction        | 0.0431     |
|    clip_range           | 0.2        |
|    entropy_loss         | -1.05      |
|    explained_variance   | 0.987      |
|    learning_rate        | 0.0003     |
|    loss                 | 2.79       |
|    n_updates            | 710        |
|    policy_gradient_loss | -0.00472   |
|    value_loss           | 7.48       |
----------------------------------------
----------------------------------------
| rollout/                |            |
|    ep_len_mean          | 750        |
|    ep_rew_mean          | 360        |
| time/                   |            |
|    fps                  | 1661       |
|    iterations           | 28         |
|    time_elapsed         | 34         |
|    total_timesteps      | 149504     |
| train/                  |            |
|    approx_kl            | 0.00528677 |
|    clip_fraction        | 0.0348     |
|    clip_range           | 0.2        |
|    entropy_loss         | -1.17      |
|    explained_variance   | 0.991      |
|    learning_rate        | 0.0003     |
|    loss                 | 2.05       |
|    n_updates            | 720        |
|    policy_gradient_loss | -0.00461   |
|    value_loss           | 4.7        |
----------------------------------------
-----------------------------------------
| rollout/                |             |
|    ep_len_mean          | 762         |
|    ep_rew_mean          | 359         |
| time/                   |             |
|    fps                  | 1660        |
|    iterations           | 29          |
|    time_elapsed         | 35          |
|    total_timesteps      | 151552      |
| train/                  |             |
|    approx_kl            | 0.003997323 |
|    clip_fraction        | 0.0225      |
|    clip_range           | 0.2         |
|    entropy_loss         | -1.06       |
|    explained_variance   | 0.988       |
|    learning_rate        | 0.0003      |
|    loss                 | 4.41        |
|    n_updates            | 730         |
|    policy_gradient_loss | -0.00456    |
|    value_loss           | 9.42        |
-----------------------------------------
-----------------------------------------
| rollout/                |             |
|    ep_len_mean          | 774         |
|    ep_rew_mean          | 357         |
| time/                   |             |
|    fps                  | 1656        |
|    iterations           | 30          |
|    time_elapsed         | 37          |
|    total_timesteps      | 153600      |
| train/                  |             |
|    approx_kl            | 0.008882557 |
|    clip_fraction        | 0.0599      |
|    clip_range           | 0.2         |
|    entropy_loss         | -1.11       |
|    explained_variance   | 0.99        |
|    learning_rate        | 0.0003      |
|    loss                 | 1.84        |
|    n_updates            | 740         |
|    policy_gradient_loss | -0.00568    |
|    value_loss           | 4.44        |
-----------------------------------------
 100% ━━━━━━━━━━━━━━━━━━━━━━━━ 61,440/60,000  [ 0:00:36 < 0:00:00 , 1,638 it/s ]

[PPO] 阶段 target_500 完成，耗时 37.2s
{
  "model_path": "/Users/zhangzongyu/Desktop/RL/sprint3/outputs/models/ppo_curriculum.zip",
  "total_wall_time_sec": 99.27031949999946,
  "stages": [
    {
      "stage": "free_64",
      "grid": "64×64",
      "obstacle_ratio": 0.0,
      "timesteps": 20000,
      "wall_time_sec": 12.014867500000037
    },
    {
      "stage": "sparse_128",
      "grid": "128×128",
      "obstacle_ratio": 0.1214599609375,
      "timesteps": 30000,
      "wall_time_sec": 16.778325040999334
    },
    {
      "stage": "medium_256",
      "grid": "256×256",
      "obstacle_ratio": 0.129974365234375,
      "timesteps": 40000,
      "wall_time_sec": 23.69548924999981
    },
    {
      "stage": "target_500",
      "grid": "500×500",
      "obstacle_ratio": 0.28,
      "timesteps": 60000,
      "wall_time_sec": 37.222303458998795
    }
  ],
  "total_timesteps": 150000
}
